version: (200506)

available memory: 64M bytes
used memory: 73728 bytes [need 72K bytes if disable swap]

used block: 2 [memory(2) file(0)]
                 [ 8K(1) 64K(1) { total 72K bytes } ]
overhead: (9555) bytes for (2) blocks [Average: (4777) bytes/block]

write  => 0(times) 0K(bytes) [0K bytes to file]
read   => 1(times) 63K(bytes) [9K bytes compressed data from file]
access => 22675(times) 179M(bytes)
          [hit ratio: 99.9956%]

time: write(0) read(0)  unit: second

swap file directory: (/nfs/home/yanglucheng/workspace/test/AxiInfra/ut/AxiReorder/verdiLog)
used swap file number: (1)



swap file manager:
arrSize: (256)
idxCnt: (3)
closeHead: (1)
closeTail: (2)
openCnt: (2)
fid(2): fd(30) fileName(/nfs/home/yanglucheng/workspace/test/AxiInfra/ut/AxiReorder/verdiLog/_swap_0001#1917237334#1714977)
	size(0) lastModTime(0) curModTime(1784538959)
	mode(w+b)	hot(0) cool(1) pos(0)
fid(1): fd(1073741824) fileName(/nfs/home/yanglucheng/workspace/test/AxiInfra/ut/AxiReorder/build/vcs/sim/sim_build/simv.daidir/kdb.elab++/work.lib++/tb_top.sv.tdc)
	size(22008) lastModTime(1784536270) curModTime(1784536270)
	mode(rb)	hot(2) cool(0) pos(0)
fid(0): fd(0) fileName(NULL)
	mode(NULL)	hot(0) cool(0) pos(0)
==================================================
mySelf(0x56541f30) pre(0x55153d10) next((nil))
version(200506)
date(Feb  1 2023 02:39:48)
