#######################################################################################
# log primitive debug message of FSDB dumping                                         #
# This is for R&D to analyze when there are issues happening when FSDB dump           #
#######################################################################################
ANF: vcsd_get_serial_mode_status('/nfs/home/yanglucheng/workspace/test/AxiInfra/ut/AxiReorder/build/vcs/sim/sim_build/simv: undefined symbol: vcsd_get_serial_mode_status')
ANF: vcsd_enable_sva_success_callback('/nfs/home/yanglucheng/workspace/test/AxiInfra/ut/AxiReorder/build/vcs/sim/sim_build/simv: undefined symbol: vcsd_enable_sva_success_callback')
ANF: vcsd_disable_sva_success_callback('/nfs/home/yanglucheng/workspace/test/AxiInfra/ut/AxiReorder/build/vcs/sim/sim_build/simv: undefined symbol: vcsd_disable_sva_success_callback')
ANF: vcsd_get_power_scope_name('/nfs/home/yanglucheng/workspace/test/AxiInfra/ut/AxiReorder/build/vcs/sim/sim_build/simv: undefined symbol: vcsd_get_power_scope_name')
ANF: vcsd_dump_var_vpdg('/nfs/home/yanglucheng/workspace/test/AxiInfra/ut/AxiReorder/build/vcs/sim/sim_build/simv: undefined symbol: vcsd_dump_var_vpdg')
ANF: vcsd_begin_no_value_var_info('/nfs/home/yanglucheng/workspace/test/AxiInfra/ut/AxiReorder/build/vcs/sim/sim_build/simv: undefined symbol: vcsd_begin_no_value_var_info')
ANF: vcsd_end_no_value_var_info('/nfs/home/yanglucheng/workspace/test/AxiInfra/ut/AxiReorder/build/vcs/sim/sim_build/simv: undefined symbol: vcsd_end_no_value_var_info')
ANF: vcsd_remove_xprop_merge_mode_callback('/nfs/home/yanglucheng/workspace/test/AxiInfra/ut/AxiReorder/build/vcs/sim/sim_build/simv: undefined symbol: vcsd_remove_xprop_merge_mode_callback')
ANF: vhpi_get_cb_info('/nfs/home/yanglucheng/workspace/test/AxiInfra/ut/AxiReorder/build/vcs/sim/sim_build/simv: undefined symbol: vhpi_get_cb_info')
ANF: vhpi_free_handle('/nfs/home/yanglucheng/workspace/test/AxiInfra/ut/AxiReorder/build/vcs/sim/sim_build/simv: undefined symbol: vhpi_free_handle')
ANF: vhpi_fetch_vcsd_handle('/nfs/home/yanglucheng/workspace/test/AxiInfra/ut/AxiReorder/build/vcs/sim/sim_build/simv: undefined symbol: vhpi_fetch_vcsd_handle')
ANF: vhpi_fetch_vpi_handle('/nfs/home/yanglucheng/workspace/test/AxiInfra/ut/AxiReorder/build/vcs/sim/sim_build/simv: undefined symbol: vhpi_fetch_vpi_handle')
ANF: vhpi_has_verilog_parent('/nfs/home/yanglucheng/workspace/test/AxiInfra/ut/AxiReorder/build/vcs/sim/sim_build/simv: undefined symbol: vhpi_has_verilog_parent')
ANF: vhpi_is_verilog_scope('/nfs/home/yanglucheng/workspace/test/AxiInfra/ut/AxiReorder/build/vcs/sim/sim_build/simv: undefined symbol: vhpi_is_verilog_scope')
ANF: scsd_xprop_is_enabled('/nfs/home/yanglucheng/workspace/test/AxiInfra/ut/AxiReorder/build/vcs/sim/sim_build/simv: undefined symbol: scsd_xprop_is_enabled')
ANF: scsd_xprop_sig_is_promoted('/nfs/home/yanglucheng/workspace/test/AxiInfra/ut/AxiReorder/build/vcs/sim/sim_build/simv: undefined symbol: scsd_xprop_sig_is_promoted')
ANF: scsd_xprop_int_xvalue('/nfs/home/yanglucheng/workspace/test/AxiInfra/ut/AxiReorder/build/vcs/sim/sim_build/simv: undefined symbol: scsd_xprop_int_xvalue')
ANF: scsd_xprop_bool_xvalue('/nfs/home/yanglucheng/workspace/test/AxiInfra/ut/AxiReorder/build/vcs/sim/sim_build/simv: undefined symbol: scsd_xprop_bool_xvalue')
ANF: scsd_xprop_enum_xvalue('/nfs/home/yanglucheng/workspace/test/AxiInfra/ut/AxiReorder/build/vcs/sim/sim_build/simv: undefined symbol: scsd_xprop_enum_xvalue')
ANF: scsd_xprop_register_merge_mode_cb('/nfs/home/yanglucheng/workspace/test/AxiInfra/ut/AxiReorder/build/vcs/sim/sim_build/simv: undefined symbol: scsd_xprop_register_merge_mode_cb')
ANF: scsd_xprop_delete_merge_mode_cb('/nfs/home/yanglucheng/workspace/test/AxiInfra/ut/AxiReorder/build/vcs/sim/sim_build/simv: undefined symbol: scsd_xprop_delete_merge_mode_cb')
ANF: scsd_xprop_get_merge_mode('/nfs/home/yanglucheng/workspace/test/AxiInfra/ut/AxiReorder/build/vcs/sim/sim_build/simv: undefined symbol: scsd_xprop_get_merge_mode')
ANF: scsd_thread_get_info('/nfs/home/yanglucheng/workspace/test/AxiInfra/ut/AxiReorder/build/vcs/sim/sim_build/simv: undefined symbol: scsd_thread_get_info')
ANF: scsd_thread_vc_init('/nfs/home/yanglucheng/workspace/test/AxiInfra/ut/AxiReorder/build/vcs/sim/sim_build/simv: undefined symbol: scsd_thread_vc_init')
ANF: scsd_master_set_delta_sync_cbk('/nfs/home/yanglucheng/workspace/test/AxiInfra/ut/AxiReorder/build/vcs/sim/sim_build/simv: undefined symbol: scsd_master_set_delta_sync_cbk')
ANF: scsd_fgp_get_fsdb_cores('/nfs/home/yanglucheng/workspace/test/AxiInfra/ut/AxiReorder/build/vcs/sim/sim_build/simv: undefined symbol: scsd_fgp_get_fsdb_cores')
ANF: scsd_fgp_get_is_cpu_affinity_disabled('/nfs/home/yanglucheng/workspace/test/AxiInfra/ut/AxiReorder/build/vcs/sim/sim_build/simv: undefined symbol: scsd_fgp_get_is_cpu_affinity_disabled')
ANF: vdi_dt_get_vlog_variant_size_array_info('/nfs/home/yanglucheng/workspace/test/AxiInfra/ut/AxiReorder/build/vcs/sim/sim_build/simv: undefined symbol: vdi_dt_get_vlog_variant_size_array_info')
ANF: vdi_flat_node_get_total_bit_size('/nfs/home/yanglucheng/workspace/test/AxiInfra/ut/AxiReorder/build/vcs/sim/sim_build/simv: undefined symbol: vdi_flat_node_get_total_bit_size')
ANF: vhdi_dt_get_type('/nfs/home/yanglucheng/workspace/test/AxiInfra/ut/AxiReorder/build/vcs/sim/sim_build/simv: undefined symbol: vhdi_dt_get_type')
ANF: vhdi_dt_get_key('/nfs/home/yanglucheng/workspace/test/AxiInfra/ut/AxiReorder/build/vcs/sim/sim_build/simv: undefined symbol: vhdi_dt_get_key')
ANF: vhdi_dt_get_vhdl_enum_info('/nfs/home/yanglucheng/workspace/test/AxiInfra/ut/AxiReorder/build/vcs/sim/sim_build/simv: undefined symbol: vhdi_dt_get_vhdl_enum_info')
ANF: vhdi_dt_get_vhdl_physical_info('/nfs/home/yanglucheng/workspace/test/AxiInfra/ut/AxiReorder/build/vcs/sim/sim_build/simv: undefined symbol: vhdi_dt_get_vhdl_physical_info')
ANF: vhdi_dt_get_vhdl_array_info('/nfs/home/yanglucheng/workspace/test/AxiInfra/ut/AxiReorder/build/vcs/sim/sim_build/simv: undefined symbol: vhdi_dt_get_vhdl_array_info')
ANF: vhdi_dt_get_vhdl_record_info('/nfs/home/yanglucheng/workspace/test/AxiInfra/ut/AxiReorder/build/vcs/sim/sim_build/simv: undefined symbol: vhdi_dt_get_vhdl_record_info')
ANF: vhdi_dt_get_vhdl_integer_range_info('/nfs/home/yanglucheng/workspace/test/AxiInfra/ut/AxiReorder/build/vcs/sim/sim_build/simv: undefined symbol: vhdi_dt_get_vhdl_integer_range_info')
ANF: vhdi_def_traverse_module('/nfs/home/yanglucheng/workspace/test/AxiInfra/ut/AxiReorder/build/vcs/sim/sim_build/simv: undefined symbol: vhdi_def_traverse_module')
ANF: vhdi_def_traverse_scope('/nfs/home/yanglucheng/workspace/test/AxiInfra/ut/AxiReorder/build/vcs/sim/sim_build/simv: undefined symbol: vhdi_def_traverse_scope')
ANF: vhdi_def_traverse_variable('/nfs/home/yanglucheng/workspace/test/AxiInfra/ut/AxiReorder/build/vcs/sim/sim_build/simv: undefined symbol: vhdi_def_traverse_variable')
ANF: vhdi_def_get_module_id_by_vhpi('/nfs/home/yanglucheng/workspace/test/AxiInfra/ut/AxiReorder/build/vcs/sim/sim_build/simv: undefined symbol: vhdi_def_get_module_id_by_vhpi')
ANF: vhdi_def_get_handle_by_module_id('/nfs/home/yanglucheng/workspace/test/AxiInfra/ut/AxiReorder/build/vcs/sim/sim_build/simv: undefined symbol: vhdi_def_get_handle_by_module_id')
ANF: vhdi_def_get_variable_info_by_vhpi('/nfs/home/yanglucheng/workspace/test/AxiInfra/ut/AxiReorder/build/vcs/sim/sim_build/simv: undefined symbol: vhdi_def_get_variable_info_by_vhpi')
ANF: vhdi_def_free('/nfs/home/yanglucheng/workspace/test/AxiInfra/ut/AxiReorder/build/vcs/sim/sim_build/simv: undefined symbol: vhdi_def_free')
ANF: vhdi_ist_traverse_scope('/nfs/home/yanglucheng/workspace/test/AxiInfra/ut/AxiReorder/build/vcs/sim/sim_build/simv: undefined symbol: vhdi_ist_traverse_scope')
ANF: vhdi_ist_traverse_variable('/nfs/home/yanglucheng/workspace/test/AxiInfra/ut/AxiReorder/build/vcs/sim/sim_build/simv: undefined symbol: vhdi_ist_traverse_variable')
ANF: vhdi_ist_convert_by_vhpi('/nfs/home/yanglucheng/workspace/test/AxiInfra/ut/AxiReorder/build/vcs/sim/sim_build/simv: undefined symbol: vhdi_ist_convert_by_vhpi')
ANF: vhdi_ist_clone('/nfs/home/yanglucheng/workspace/test/AxiInfra/ut/AxiReorder/build/vcs/sim/sim_build/simv: undefined symbol: vhdi_ist_clone')
ANF: vhdi_ist_free('/nfs/home/yanglucheng/workspace/test/AxiInfra/ut/AxiReorder/build/vcs/sim/sim_build/simv: undefined symbol: vhdi_ist_free')
ANF: vhdi_ist_hash_key('/nfs/home/yanglucheng/workspace/test/AxiInfra/ut/AxiReorder/build/vcs/sim/sim_build/simv: undefined symbol: vhdi_ist_hash_key')
ANF: vhdi_ist_compare('/nfs/home/yanglucheng/workspace/test/AxiInfra/ut/AxiReorder/build/vcs/sim/sim_build/simv: undefined symbol: vhdi_ist_compare')
ANF: vhdi_ist_get_value_addr('/nfs/home/yanglucheng/workspace/test/AxiInfra/ut/AxiReorder/build/vcs/sim/sim_build/simv: undefined symbol: vhdi_ist_get_value_addr')
ANF: vhdi_set_scsd_callback('/nfs/home/yanglucheng/workspace/test/AxiInfra/ut/AxiReorder/build/vcs/sim/sim_build/simv: undefined symbol: vhdi_set_scsd_callback')
ANF: vhdi_cbk_set_force_callback('/nfs/home/yanglucheng/workspace/test/AxiInfra/ut/AxiReorder/build/vcs/sim/sim_build/simv: undefined symbol: vhdi_cbk_set_force_callback')
ANF: vhdi_trigger_init_force('/nfs/home/yanglucheng/workspace/test/AxiInfra/ut/AxiReorder/build/vcs/sim/sim_build/simv: undefined symbol: vhdi_trigger_init_force')
ANF: vhdi_ist_check_scsd_callback('/nfs/home/yanglucheng/workspace/test/AxiInfra/ut/AxiReorder/build/vcs/sim/sim_build/simv: undefined symbol: vhdi_ist_check_scsd_callback')
ANF: vhdi_ist_add_scsd_callback('/nfs/home/yanglucheng/workspace/test/AxiInfra/ut/AxiReorder/build/vcs/sim/sim_build/simv: undefined symbol: vhdi_ist_add_scsd_callback')
ANF: vhdi_ist_remove_scsd_callback('/nfs/home/yanglucheng/workspace/test/AxiInfra/ut/AxiReorder/build/vcs/sim/sim_build/simv: undefined symbol: vhdi_ist_remove_scsd_callback')
ANF: vhdi_ist_get_scsd_user_data('/nfs/home/yanglucheng/workspace/test/AxiInfra/ut/AxiReorder/build/vcs/sim/sim_build/simv: undefined symbol: vhdi_ist_get_scsd_user_data')
ANF: vhdi_add_time_change_callback('/nfs/home/yanglucheng/workspace/test/AxiInfra/ut/AxiReorder/build/vcs/sim/sim_build/simv: undefined symbol: vhdi_add_time_change_callback')
ANF: vhdi_get_real_value_by_value_addr('/nfs/home/yanglucheng/workspace/test/AxiInfra/ut/AxiReorder/build/vcs/sim/sim_build/simv: undefined symbol: vhdi_get_real_value_by_value_addr')
ANF: vhdi_get_64_value_by_value_addr('/nfs/home/yanglucheng/workspace/test/AxiInfra/ut/AxiReorder/build/vcs/sim/sim_build/simv: undefined symbol: vhdi_get_64_value_by_value_addr')
ANF: vhdi_xprop_inst_is_promoted('/nfs/home/yanglucheng/workspace/test/AxiInfra/ut/AxiReorder/build/vcs/sim/sim_build/simv: undefined symbol: vhdi_xprop_inst_is_promoted')
ANF: vdi_ist_convert_by_vhdi('/nfs/home/yanglucheng/workspace/test/AxiInfra/ut/AxiReorder/build/vcs/sim/sim_build/simv: undefined symbol: vdi_ist_convert_by_vhdi')
ANF: vhdi_ist_get_module_id('/nfs/home/yanglucheng/workspace/test/AxiInfra/ut/AxiReorder/build/vcs/sim/sim_build/simv: undefined symbol: vhdi_ist_get_module_id')
ANF: vhdi_refine_foreign_scope_type('/nfs/home/yanglucheng/workspace/test/AxiInfra/ut/AxiReorder/build/vcs/sim/sim_build/simv: undefined symbol: vhdi_refine_foreign_scope_type')
ANF: vhdi_flush_callback('/nfs/home/yanglucheng/workspace/test/AxiInfra/ut/AxiReorder/build/vcs/sim/sim_build/simv: undefined symbol: vhdi_flush_callback')
ANF: vhdi_set_orig_name('/nfs/home/yanglucheng/workspace/test/AxiInfra/ut/AxiReorder/build/vcs/sim/sim_build/simv: undefined symbol: vhdi_set_orig_name')
ANF: vhdi_set_dump_pt('/nfs/home/yanglucheng/workspace/test/AxiInfra/ut/AxiReorder/build/vcs/sim/sim_build/simv: undefined symbol: vhdi_set_dump_pt')
ANF: vhdi_set_int_subtype('/nfs/home/yanglucheng/workspace/test/AxiInfra/ut/AxiReorder/build/vcs/sim/sim_build/simv: undefined symbol: vhdi_set_int_subtype')
ANF: vhdi_get_fsdb_option('/nfs/home/yanglucheng/workspace/test/AxiInfra/ut/AxiReorder/build/vcs/sim/sim_build/simv: undefined symbol: vhdi_get_fsdb_option')
ANF: vhdi_fgp_get_mode('/nfs/home/yanglucheng/workspace/test/AxiInfra/ut/AxiReorder/build/vcs/sim/sim_build/simv: undefined symbol: vhdi_fgp_get_mode')
ANF: vhdi_node_register_composite_var('/nfs/home/yanglucheng/workspace/test/AxiInfra/ut/AxiReorder/build/vcs/sim/sim_build/simv: undefined symbol: vhdi_node_register_composite_var')
ANF: vhdi_node_analysis('/nfs/home/yanglucheng/workspace/test/AxiInfra/ut/AxiReorder/build/vcs/sim/sim_build/simv: undefined symbol: vhdi_node_analysis')
ANF: vhdi_node_id('/nfs/home/yanglucheng/workspace/test/AxiInfra/ut/AxiReorder/build/vcs/sim/sim_build/simv: undefined symbol: vhdi_node_id')
ANF: vhdi_node_ist_check_scsd_callback('/nfs/home/yanglucheng/workspace/test/AxiInfra/ut/AxiReorder/build/vcs/sim/sim_build/simv: undefined symbol: vhdi_node_ist_check_scsd_callback')
ANF: vhdi_node_ist_add_scsd_callback('/nfs/home/yanglucheng/workspace/test/AxiInfra/ut/AxiReorder/build/vcs/sim/sim_build/simv: undefined symbol: vhdi_node_ist_add_scsd_callback')
ANF: vhdi_node_ist_get_value_addr('/nfs/home/yanglucheng/workspace/test/AxiInfra/ut/AxiReorder/build/vcs/sim/sim_build/simv: undefined symbol: vhdi_node_ist_get_value_addr')
ANF: vhdi_enc_def_traverse_module('/nfs/home/yanglucheng/workspace/test/AxiInfra/ut/AxiReorder/build/vcs/sim/sim_build/simv: undefined symbol: vhdi_enc_def_traverse_module')
ANF: vhdi_enc_def_traverse_scope('/nfs/home/yanglucheng/workspace/test/AxiInfra/ut/AxiReorder/build/vcs/sim/sim_build/simv: undefined symbol: vhdi_enc_def_traverse_scope')
ANF: vhdi_enc_def_traverse_variable('/nfs/home/yanglucheng/workspace/test/AxiInfra/ut/AxiReorder/build/vcs/sim/sim_build/simv: undefined symbol: vhdi_enc_def_traverse_variable')
ANF: vhdi_enc_ist_traverse_scope('/nfs/home/yanglucheng/workspace/test/AxiInfra/ut/AxiReorder/build/vcs/sim/sim_build/simv: undefined symbol: vhdi_enc_ist_traverse_scope')
ANF: vhdi_enc_ist_traverse_variable('/nfs/home/yanglucheng/workspace/test/AxiInfra/ut/AxiReorder/build/vcs/sim/sim_build/simv: undefined symbol: vhdi_enc_ist_traverse_variable')
ANF: vhdi_enc_ist_get_module_id('/nfs/home/yanglucheng/workspace/test/AxiInfra/ut/AxiReorder/build/vcs/sim/sim_build/simv: undefined symbol: vhdi_enc_ist_get_module_id')
ANF: vhdi_enc_def_get_handle_by_module_id('/nfs/home/yanglucheng/workspace/test/AxiInfra/ut/AxiReorder/build/vcs/sim/sim_build/simv: undefined symbol: vhdi_enc_def_get_handle_by_module_id')
VCS compile option:
 option[0]: /nfs/home/yanglucheng/workspace/test/AxiInfra/ut/AxiReorder/build/vcs/sim/sim_build/simv
 option[1]: +notimingcheck
 option[2]: -cm
 option[3]: line+cond+tgl+fsm+branch+assert
 option[4]: -cm_dir
 option[5]: /nfs/home/yanglucheng/workspace/test/AxiInfra/ut/AxiReorder/build/vcs/sim/cov/coverage.vdb
 option[6]: -cm_name
 option[7]: 004
 option[8]: +vcs+initreg+0
 option[9]: /nfs/tools/synopsys/vcs/U-2023.03/linux64/bin/vcs1
 option[10]: -Mcc=/usr/bin/gcc
 option[11]: -Mcplusplus=/usr/bin/g++
 option[12]: -Masflags=
 option[13]: -Mloader=/usr/bin/g++
 option[14]: -Mcfl= -pipe -fPIC -Ofast -march=native -loop-unroll -I/nfs/home/yanglucheng/tools/verilua/v3.4.0/luajit-pro/luajit2.1/include -I/nfs/home/yanglucheng/tools/verilua/v3.4.0/luajit-pro/luajit2.1/include/luajit-2.1 -I/nfs/home/yanglucheng/tools/verilua/v3.4.0/src/include -I/nfs/home/yanglucheng/tools/verilua/v3.4.0/conan_installed/include -O -I/nfs/tools/synopsys/vcs/U-2023.03/include 
 option[15]: -Mxllcflags=
 option[16]: -Mxcflags= -pipe -fPIC -I/nfs/tools/synopsys/vcs/U-2023.03/include
 option[17]: -Mldflags= -flto -Wl,--no-as-needed -Wl,-rpath,/nfs/home/yanglucheng/tools/verilua/v3.4.0/shared -Wl,-rpath,/nfs/home/yanglucheng/tools/verilua/v3.4.0/luajit-pro/luajit2.1/lib -L/nfs/home/yanglucheng/tools/verilua/v3.4.0/luajit-pro/luajit2.1/lib -lluajit-5.1 -lverilua_vcs -lz -L/nfs/home/yanglucheng/tools/verilua/v3.4.0/luajit-pro/luajit2.1/lib -L/nfs/home/yanglucheng/tools/verilua/v3.4.0/shared -L/nfs/home/yanglucheng/tools/verilua/v3.4.0/conan_installed/lib -Wl,-rpath,/nfs/home/yanglucheng/tools/verilua/v3.4.0/luajit-pro/luajit2.1/lib -Wl,-rpath,/nfs/home/yanglucheng/tools/verilua/v3.4.0/shared -Wl,-rpath,/nfs/home/yanglucheng/tools/verilua/v3.4.0/conan_installed/lib -lverilua_vcs -lstdc++ -lluajit-5.1 -rdynamic 
 option[18]: -Mout=/nfs/home/yanglucheng/workspace/test/AxiInfra/ut/AxiReorder/build/vcs/sim/sim_build/simv
 option[19]: -Mamsrun=
 option[20]: -Mvcsaceobjs=
 option[21]: -Mobjects= /nfs/tools/synopsys/vcs/U-2023.03/linux64/lib/libvirsim.so /nfs/tools/synopsys/vcs/U-2023.03/linux64/lib/liberrorinf.so /nfs/tools/synopsys/vcs/U-2023.03/linux64/lib/libsnpsmalloc.so /nfs/tools/synopsys/vcs/U-2023.03/linux64/lib/libvfs.so 
 option[22]: -Mexternalobj=
 option[23]: -Msaverestoreobj=/nfs/tools/synopsys/vcs/U-2023.03/linux64/lib/vcs_save_restore_new.o
 option[24]: -Mcrt0=
 option[25]: -Mcrtn=
 option[26]: -Mcsrc=
 option[27]: -Mdir=/nfs/home/yanglucheng/workspace/test/AxiInfra/ut/AxiReorder/build/vcs/sim/sim_build
 option[28]: -Msyslibs=/nfs/tools/synopsys/verdi/U-2023.03/share/PLI/VCS/LINUX64/pli.a -ldl 
 option[29]: -cm
 option[30]: line+cond+tgl+fsm+branch+assert
 option[31]: -cm_dir
 option[32]: /nfs/home/yanglucheng/workspace/test/AxiInfra/ut/AxiReorder/build/vcs/sim/cov/coverage.vdb
 option[33]: -full64
 option[34]: -debug_access+all
 option[35]: +vpi
 option[36]: +vcsd1
 option[37]: +itf+/nfs/tools/synopsys/vcs/U-2023.03/linux64/lib/vcsdp_lite.tab
 option[38]: -top
 option[39]: tb_top
 option[40]: +v2k
 option[41]: -lca
 option[42]: -kdb
 option[43]: -Xufe=2steps
 option[44]: -j256
 option[45]: -Xcmopt=0x2
 option[46]: -timescale=1ns/1ps
 option[47]: +define+SIM_VCS
 option[48]: +define+VCS
 option[49]: -q
 option[50]: -load
 option[51]: /nfs/home/yanglucheng/tools/verilua/v3.4.0/shared/libverilua_vcs.so
 option[52]: -o
 option[53]: /nfs/home/yanglucheng/workspace/test/AxiInfra/ut/AxiReorder/build/vcs/sim/sim_build/simv
 option[54]: +vcs+initreg+random
 option[55]: -picarchive
 option[56]: -P
 option[57]: /nfs/tools/synopsys/verdi/U-2023.03/share/PLI/VCS/LINUX64/verdi.tab
 option[58]: -fsdb
 option[59]: -sverilog
 option[60]: -gen_obj
 option[61]: +incdir+/nfs/home/yanglucheng/workspace/test/AxiInfra/ut/AxiReorder/build/rtl/verification
 option[62]: -f
 option[63]: /nfs/home/yanglucheng/workspace/test/AxiInfra/ut/AxiReorder/build/vcs/sim/dut_file.f
 option[64]: -load
 option[65]: /nfs/tools/synopsys/verdi/U-2023.03/share/PLI/VCS/LINUX64/libnovas.so:FSDBDumpCmd
 option[66]: timescale=1ns/1ps
Chronologic Simulation VCS Release U-2023.03_Full64
Linux 6.8.0-124-generic #124~22.04.1-Ubuntu SMP PREEMPT_DYNAMIC Tue May 26 21:05:19 UTC  x86_64
CPU cores: 256
Limit information:
======================================
cputime		unlimited
filesize		unlimited
datasize		unlimited
stacksize		unlimited
coredumpsize		0 kbytes
memoryuse		unlimited
vmemoryuse		unlimited
descriptors		1048576
memorylocked		132043764 kbytes
maxproc		4126031
======================================
(Special)Runtime environment variables:

Runtime environment variables:
_=/usr/bin/xmake
LC_NUMERIC=zh_CN.UTF-8
XDG_DATA_DIRS=/usr/share/gnome:/nfs/home/yanglucheng/.local/share/flatpak/exports/share:/var/lib/flatpak/exports/share:/usr/local/share:/usr/share:/nfs/home/yanglucheng/.nix-profile/share:/nix/var/nix/profiles/default/share:/var/lib/snapd/desktop
LD_LIBRARY_PATH=/nfs/home/yanglucheng/tools/verilua/v3.4.0/shared:/nfs/home/yanglucheng/tools/verilua/v3.4.0/luajit-pro/target/release:/nfs/home/yanglucheng/tools/verilua/v3.4.0/wave_vpi/target/release:/nfs/home/yanglucheng/tools/verilua/v3.4.0/luajit-pro/luajit2.1/lib/lua/5.1/socket:/nfs/home/yanglucheng/tools/verilua/v3.4.0/luajit-pro/luajit2.1/lib/lua/5.1:/nfs/home/yanglucheng/tools/verilua/v3.4.0/luajit-pro/luajit2.1/lib:/nfs/tools/synopsys/verdi/U-2023.03/share/PLI/VCS/linux64
NOVAS_HOME=/nfs/tools/synopsys/verdi/U-2023.03
LC_TELEPHONE=zh_CN.UTF-8
VERDI_HOME=/nfs/tools/synopsys/verdi/U-2023.03
CONFIG_TCCDIR=/nfs/home/yanglucheng/tools/verilua/v3.4.0/extern/luajit_tcc/tinycc/install
VERDI_TOOL=/nfs/tools/synopsys/verdi/U-2023.03/bin/verdi
SIM=vcs
DBUS_SESSION_BUS_ADDRESS=unix:path=/run/user/1467000158/bus
RISCV=/nfs/share/opt/riscv
LUA_PATH=./?.lua;/nfs/home/yanglucheng/tools/verilua/v3.4.0/luajit-pro/luajit2.1/share/lua/5.1/?.lua;/nfs/home/yanglucheng/tools/verilua/v3.4.0/luajit-pro/luajit2.1/share/lua/5.1/?/init.lua;/nfs/home/yanglucheng/tools/verilua/v3.4.0/luajit-pro/luajit2.1/share/luajit-2.1/?.lua;/nfs/home/yanglucheng/tools/verilua/v3.4.0/src/lua/?.lua;/nfs/home/yanglucheng/tools/verilua/v3.4.0/src/lua/verilua/?.lua;/nfs/home/yanglucheng/tools/verilua/v3.4.0/src/lua/verilua/vpiml/?.lua;/nfs/home/yanglucheng/tools/verilua/v3.4.0/src/lua/verilua/sv/?.lua;/nfs/home/yanglucheng/tools/verilua/v3.4.0/src/lua/verilua/coverage/?.lua;/nfs/home/yanglucheng/tools/verilua/v3.4.0/src/lua/verilua/handles/?.lua;/nfs/home/yanglucheng/tools/verilua/v3.4.0/src/lua/verilua/scheduler/?.lua;/nfs/home/yanglucheng/tools/verilua/v3.4.0/src/lua/verilua/random/?.lua;/nfs/home/yanglucheng/tools/verilua/v3.4.0/src/lua/verilua/utils/?.lua;/nfs/home/yanglucheng/tools/verilua/v3.4.0/src/lua/thirdparty_lib/?.lua;/nfs/home/yanglucheng/tools/verilua/v3.4.0/extern/debugger.lua/?.lua;/nfs/home/yanglucheng/tools/verilua/v3.4.0/extern/luajit_tcc/?.lua;/nfs/home/yanglucheng/tools/verilua/v3.4.0/extern/luajit_tcc/?/?.lua;/nfs/home/yanglucheng/tools/verilua/v3.4.0/extern/luajit_tcc/?.lua;;/nfs/home/yanglucheng/workspace/test/AxiInfra/ut/AxiReorder/?.lua;/nfs/home/yanglucheng/workspace/test/AxiInfra/ut/AxiReorder/src/?.lua;/nfs/home/yanglucheng/workspace/test/AxiInfra/ut/AxiReorder/src/lua/?.lua;/nfs/home/yanglucheng/workspace/test/AxiInfra/ut/AxiReorder/build/vcs/sim/?.lua;/nfs/home/yanglucheng/workspace/test/AxiInfra/ut/AxiReorder/test_cases/?.lua;/nfs/home/yanglucheng/workspace/test/AxiInfra/ut/AxiReorder/?.lua;/nfs/home/yanglucheng/workspace/test/AxiInfra/ut/?.lua;/nfs/home/yanglucheng/workspace/test/AxiInfra/ut/AxiReorder/src/?.lua;/nfs/home/yanglucheng/workspace/test/AxiInfra/ut/AxiReorder/?.lua;/nfs/home/yanglucheng/workspace/test/AxiInfra/ut/?.lua;/nfs/home/yanglucheng/workspace/test/AxiInfra/ut/AxiReorder/src/common/?.lua;/nfs/home/yanglucheng/workspace/test/AxiInfra/ut/AxiReorder/src/?.lua;/nfs/home/yanglucheng/workspace/test/AxiInfra/ut/AxiReorder/?.lua;/nfs/home/yanglucheng/workspace/test/AxiInfra/ut/AxiReorder/src/dut/?.lua;/nfs/home/yanglucheng/workspace/test/AxiInfra/ut/AxiReorder/src/?.lua;/nfs/home/yanglucheng/workspace/test/AxiInfra/ut/AxiReorder/?.lua;/nfs/home/yanglucheng/workspace/test/AxiInfra/ut/AxiReorder/src/components/AXI/test_zhujiang_utils/?.lua;/nfs/home/yanglucheng/workspace/test/AxiInfra/ut/AxiReorder/src/components/AXI/?.lua;/nfs/home/yanglucheng/workspace/test/AxiInfra/ut/AxiReorder/src/components/?.lua;/nfs/home/yanglucheng/workspace/test/AxiInfra/ut/AxiReorder/?.lua;./?.lua;/nfs/home/yanglucheng/workspace/test/AxiInfra/ut/AxiReorder/test_cases/?.lua;/nfs/home/yanglucheng/workspace/test/AxiInfra/ut/AxiReorder/?.lua;/nfs/home/yanglucheng/workspace/test/AxiInfra/ut/?.lua;/nfs/home/yanglucheng/workspace/test/AxiInfra/ut/AxiReorder/src/?.lua;/nfs/home/yanglucheng/workspace/test/AxiInfra/ut/AxiReorder/?.lua;/nfs/home/yanglucheng/workspace/test/AxiInfra/ut/?.lua;/nfs/home/yanglucheng/workspace/test/AxiInfra/ut/AxiReorder/src/common/?.lua;/nfs/home/yanglucheng/workspace/test/AxiInfra/ut/AxiReorder/src/?.lua;/nfs/home/yanglucheng/workspace/test/AxiInfra/ut/AxiReorder/?.lua;/nfs/home/yanglucheng/workspace/test/AxiInfra/ut/AxiReorder/src/dut/?.lua;/nfs/home/yanglucheng/workspace/test/AxiInfra/ut/AxiReorder/src/?.lua;/nfs/home/yanglucheng/workspace/test/AxiInfra/ut/AxiReorder/?.lua;/nfs/home/yanglucheng/workspace/test/AxiInfra/ut/AxiReorder/src/components/AXI/test_zhujiang_utils/?.lua;/nfs/home/yanglucheng/workspace/test/AxiInfra/ut/AxiReorder/src/components/AXI/?.lua;/nfs/home/yanglucheng/workspace/test/AxiInfra/ut/AxiReorder/src/components/?.lua;/nfs/home/yanglucheng/workspace/test/AxiInfra/ut/AxiReorder/?.lua
LUA_LIB_NAME=luajit-5.1
JAVA_HOME=/nfs/share/opt/graalvm-ce-java11-22.3.2
SEED=1
SSH_TTY=/dev/pts/202
OLDPWD=/nfs/home/yanglucheng
PATH=/nfs/home/yanglucheng/tools/verilua/v3.4.0/luajit-pro/luajit2.1/bin:/nfs/home/yanglucheng/tools/verilua/v3.4.0/tools:/nfs/home/yanglucheng/.local/bin:/nfs/home/yanglucheng/.nix-profile/bin:/nix/var/nix/profiles/default/bin:/nfs/share/opt/graalvm-ce-java11-22.3.2/bin:/nfs/tools/synopsys/verdi/U-2023.03/bin:/nfs/tools/synopsys/vcs/U-2023.03/bin:/nfs/share/opt/riscv-isa-sim/bin:/nfs/share/opt/bin:/nfs/share/opt/riscv/bin:/nfs/share/opt/verilator/bin:/usr/local/sbin:/usr/local/bin:/usr/sbin:/usr/bin:/sbin:/bin:/usr/games:/usr/local/games:/snap/bin
VERILUA_HOME=/nfs/home/yanglucheng/tools/verilua/v3.4.0
LC_IDENTIFICATION=zh_CN.UTF-8
XDG_SESSION_TYPE=tty
LC_MEASUREMENT=zh_CN.UTF-8
XDG_RUNTIME_DIR=/run/user/1467000158
SSH_CLIENT=172.58.2.9 59435 22
SHLVL=1
LC_TIME=zh_CN.UTF-8
LM_LICENSE_FILE=27000@172.59.60.1:28000@172.59.60.1:29000@172.59.60.1:30000@172.59.60.1:31000@172.59.60.1:32000@172.59.60.1:33000@172.59.60.1:35000@172.59.60.1:36000@172.59.60.1:37000@172.59.60.1:1819@172.59.60.1:8273@172.59.60.1:8275@172.59.60.1
TC=004
LUA_LIB=/nfs/home/yanglucheng/tools/verilua/v3.4.0/luajit-pro/luajit2.1/lib
SHELL=/bin/bash
XDG_SESSION_ID=13296
LANG=en_US.UTF-8
TERM=xterm
DISPLAY=localhost:26.0
DUMP=1
VCS_HOME=/nfs/tools/synopsys/vcs/U-2023.03
MOTD_SHOWN=pam
LUA_LINK=shared
NIX_SSL_CERT_FILE=/etc/ssl/certs/ca-certificates.crt
LC_MONETARY=zh_CN.UTF-8
NOVAS_PLI=/nfs/tools/synopsys/verdi/U-2023.03/share/PLI/VCS/linux64
LUA_CPATH=/nfs/home/yanglucheng/tools/verilua/v3.4.0/luajit-pro/luajit2.1/lib/lua/5.1/?.so;/nfs/home/yanglucheng/tools/verilua/v3.4.0/luajit-pro/luajit2.1/lib/lua/5.1/?/?.so;
LC_PAPER=zh_CN.UTF-8
KRB5CCNAME=KEYRING:persistent:1467000158
LC_NAME=zh_CN.UTF-8
XDG_SESSION_CLASS=user
SSH_CONNECTION=172.58.2.9 59435 172.60.20.1 22
USER=yanglucheng
XMAKE_GLOBALDIR=/nfs/home/yanglucheng/tools/verilua/v3.4.0/scripts
LC_ADDRESS=zh_CN.UTF-8
BREKER_LICENSE=1819@172.59.60.1
NIX_PROFILES=/nix/var/nix/profiles/default /nfs/home/yanglucheng/.nix-profile
HOME=/nfs/home/yanglucheng
PWD=/nfs/home/yanglucheng/workspace/test/AxiInfra/ut/AxiReorder
VCS_TOOL=/nfs/tools/synopsys/vcs/U-2023.03/bin/vcs
LOGNAME=yanglucheng
HISTCONTROL=
TC_NAME=004_same_id_read
VERILUA_CFG=/nfs/home/yanglucheng/workspace/test/AxiInfra/ut/AxiReorder/build/vcs/sim/verilua_cfg.lua
VCS_PATHMAP_PRELOAD_DONE=1
VCS_STACK_EXEC=true
VCS_EXEC_DONE=1
LC_ALL=C
DVE=/nfs/tools/synopsys/vcs/U-2023.03/gui/dve
SPECMAN_OUTPUT_TO_TTY=1
FLEXLM_BORROWFILE=/nfs/home/yanglucheng/.open01.boscszcluster.com-borrow.txt
LUA_SCRIPT=/nfs/home/yanglucheng/workspace/test/AxiInfra/ut/AxiReorder/tc_main.lua
DUT_TOP=tb_top
Runtime command line arguments:
argv[0]=/nfs/home/yanglucheng/workspace/test/AxiInfra/ut/AxiReorder/build/vcs/sim/sim_build/simv
argv[1]=+notimingcheck
argv[2]=-cm
argv[3]=line+cond+tgl+fsm+branch+assert
argv[4]=-cm_dir
argv[5]=/nfs/home/yanglucheng/workspace/test/AxiInfra/ut/AxiReorder/build/vcs/sim/cov/coverage.vdb
argv[6]=-cm_name
argv[7]=004
argv[8]=+vcs+initreg+0
254 profile - 100
          CPU/Mem usage: 0.120 sys,  0.200 user,  1332.17M mem
255 Elapsed time:    0:00:01    Mon Jul 20 17:28:30 2026
256 User CPU time used: 0 seconds
257 System CPU time used: 0 seconds
258 pliAppInit
259 [SC]Init: MemoryConsumed=0.00MB ElapsedTime=0hour 0min. 0sec.
260 FSDB_GATE is set.
261 FSDB_RTL is set.
262 FSDB_ALIAS_ARRAY_ELEM is set to 4294967295.
263 Enable Parallel Dumping.
264 pliAppMiscSet: New Sim Round
265 pliEntryInit
266 LIBSSCORE=found /nfs/tools/synopsys/verdi/U-2023.03/share/PLI/lib/LINUXAMD64/libsscore_vcs202303.so through $NOVAS_HOME setting.
267 FSDB Dumper for VCS, Release Verdi_U-2023.03, Linux x86_64/64bit, 02/16/2023
268 (C) 1996 - 2023 by Synopsys, Inc.
269 sps_call_fsdbDumpfile_main at 0 : /nfs/home/yanglucheng/workspace/test/AxiInfra/ut/AxiReorder/build/vcs/sim/tb_top.sv(341)
270 argv[0]: (004.vcd.fsdb)
271 *Verdi* FSDB WARNING: The FSDB file already exists. Overwriting the FSDB file may crash the programs that are using this file.
272 *Verdi* : Create FSDB file '004.vcd.fsdb'
273 [spi_vcs_vd_ppi_create_root]: no upf option
274 compile option from '/nfs/home/yanglucheng/workspace/test/AxiInfra/ut/AxiReorder/build/vcs/sim/sim_build/simv.daidir/vcs_rebuild'.
275   "vcs '+incdir+/nfs/home/yanglucheng/workspace/test/AxiInfra/ut/AxiReorder/build/rtl/verification' '-cm' 'line+cond+tgl+fsm+branch+assert' '-cm_dir' '/nfs/home/yanglucheng/workspace/test/AxiInfra/ut/AxiReorder/build/vcs/sim/cov/coverage.vdb' '-sverilog' '-full64' '-debug_access+all' '-top' 'tb_top' '-Mdir=/nfs/home/yanglucheng/workspace/test/AxiInfra/ut/AxiReorder/build/vcs/sim/sim_build' '+v2k' '-lca' '-kdb' '-j256' '-timescale=1ns/1ps' '+define+SIM_VCS' '+define+VCS' '-q' '-CFLAGS' '-Ofast -march=native -loop-unroll' '-LDFLAGS' '-flto -Wl,--no-as-needed' '-LDFLAGS' '-Wl,-rpath,/nfs/home/yanglucheng/tools/verilua/v3.4.0/shared' '-LDFLAGS' '-Wl,-rpath,/nfs/home/yanglucheng/tools/verilua/v3.4.0/luajit-pro/luajit2.1/lib' '-LDFLAGS' '-L/nfs/home/yanglucheng/tools/verilua/v3.4.0/luajit-pro/luajit2.1/lib -lluajit-5.1 -lverilua_vcs -lz' '-load' '/nfs/home/yanglucheng/tools/verilua/v3.4.0/shared/libverilua_vcs.so' '-o' '/nfs/home/yanglucheng/workspace/test/AxiInfra/ut/AxiReorder/build/vcs/sim/sim_build/simv' '-cc' '/usr/bin/gcc' '-cpp' '/usr/bin/g++' '-ld' '/usr/bin/g++' '+vcs+initreg+random' '-CFLAGS' '-I/nfs/home/yanglucheng/tools/verilua/v3.4.0/luajit-pro/luajit2.1/include' '-CFLAGS' '-I/nfs/home/yanglucheng/tools/verilua/v3.4.0/luajit-pro/luajit2.1/include/luajit-2.1' '-CFLAGS' '-I/nfs/home/yanglucheng/tools/verilua/v3.4.0/src/include' '-CFLAGS' '-I/nfs/home/yanglucheng/tools/verilua/v3.4.0/conan_installed/include' '-LDFLAGS' '-L/nfs/home/yanglucheng/tools/verilua/v3.4.0/luajit-pro/luajit2.1/lib' '-LDFLAGS' '-L/nfs/home/yanglucheng/tools/verilua/v3.4.0/shared' '-LDFLAGS' '-L/nfs/home/yanglucheng/tools/verilua/v3.4.0/conan_installed/lib' '-LDFLAGS' '-Wl,-rpath,/nfs/home/yanglucheng/tools/verilua/v3.4.0/luajit-pro/luajit2.1/lib' '-LDFLAGS' '-Wl,-rpath,/nfs/home/yanglucheng/tools/verilua/v3.4.0/shared' '-LDFLAGS' '-Wl,-rpath,/nfs/home/yanglucheng/tools/verilua/v3.4.0/conan_installed/lib' '-LDFLAGS' '-lverilua_vcs' '-LDFLAGS' '-lstdc++' '-LDFLAGS' '-lluajit-5.1' '-f' '/nfs/home/yanglucheng/workspace/test/AxiInfra/ut/AxiReorder/build/vcs/sim/dut_file.f' 2>&1"
276 DVDI_is_vir_unload_enabled is enable
277 FSDB_VCS_ENABLE_NATIVE_VC is enable
278 sps_call_fsdbDumpvars_vd_main at 0 : /nfs/home/yanglucheng/workspace/test/AxiInfra/ut/AxiReorder/build/vcs/sim/tb_top.sv(364)
279 argv[0]: (0)
280 argv[1]: (handle) tb_top
281 argv[2]: (+all)
282 *Verdi* : Begin traversing the scope (tb_top), layer (0).
283 *Verdi* : Enable +all dumping.
284 *Verdi* : End of traversing.
285 pliAppHDL_DumpVarComplete traverse var: profile - 
          CPU/Mem usage: 0.130 sys,  0.210 user,  1448.59M mem
                   incr: 0.010 sys,  0.010 user,  24.05M mem
                   accu: 0.010 sys,  0.010 user,  24.05M mem
              accu incr: 0.010 sys,  0.010 user,  24.05M mem

          Count usage: 496 var,  378 idcode,  164 callback
                 incr: 496 var,  378 idcode,  164 callback
                 accu: 496 var,  378 idcode,  164 callback
            accu incr: 496 var,  378 idcode,  164 callback
286 Elapsed time:    0:00:01    Mon Jul 20 17:28:30 2026
287 User CPU time used: 0 seconds
288 System CPU time used: 0 seconds
289 pliAppHDL_DumpVarComplete: profile - 
          CPU/Mem usage: 0.130 sys,  0.210 user,  1449.64M mem
                   incr: 0.000 sys,  0.000 user,  1.05M mem
                   accu: 0.010 sys,  0.010 user,  25.10M mem
              accu incr: 0.000 sys,  0.000 user,  1.05M mem

          Count usage: 496 var,  378 idcode,  164 callback
                 incr: 0 var,  0 idcode,  0 callback
                 accu: 496 var,  378 idcode,  164 callback
            accu incr: 0 var,  0 idcode,  0 callback
290 Elapsed time:    0:00:01    Mon Jul 20 17:28:30 2026
291 User CPU time used: 0 seconds
292 System CPU time used: 0 seconds
293 sps_call_fsdbDumpon_vd_main at 0 : /nfs/home/yanglucheng/workspace/test/AxiInfra/ut/AxiReorder/build/vcs/sim/tb_top.sv(419)
294 *Verdi* : fsdbDumpon - All FSDB files at 0 ps.
295 End of simulation at 4330000
296 Memory usage: 1449.992 M
297 Maximum resident set size: 158 MB
298 Hard page faults: 4
299 Soft page faults: 25154
300 Elapsed time:    0:00:01    Mon Jul 20 17:28:30 2026
301 User CPU time used: 0 seconds
302 System CPU time used: 0 seconds
303 Begin FSDB profile info:
304 FSDB Writer : bc1(603) bcn(982) mtf/stf(0/0)
FSDB Writer elapsed time : flush(0.006481) io wait(0.000000) theadpool wait(0.000000)
FSDB Writer cpu time : MT Compression : 0
305 End FSDB profile info
306 FSDB closed. Name: 004.vcd.fsdb Size: 26966
307 Parallel profile     - ProducerThread:1 ConsumerThread:1 Buffer:64MB
308                      - BlockUsed:1 Acquire:0 BufferUsed:40943
309                      - Flush:4 Expand:0 ProducerWait:0 ConsumerWait:0
310                      - MainProducerTime:0.417711453 TotalConsumerTime:0.000000000
311                      - ElapsedTime:0.160699000
312 Producer   0 profile - BlockUsed:2 Acquire:0 BufferUsed:40943
313 Consumer   0 profile - Affinity:-1 CPUTime:0.000000000 LifeTime:0.000000000 (-nan%)
314                      - BlockUsed:2 Acquire:0 BufferUsed:40943
315 SimExit
316 Elapsed time:    0:00:01    Mon Jul 20 17:28:30 2026
317 User CPU time used: 0 seconds
318 System CPU time used: 0 seconds
319 Sim process exit
